
> server@1.0.0 build
> tsc

src/scanner/example.ts(76,43): error TS2345: Argument of type 'PrismaClient<PrismaClientOptions, never, DefaultArgs>' is not assignable to parameter of type 'PrismaClient'.
  The types of '$on(...).$extends' are incompatible between these types.
    Type 'ExtendsHook<"extends", TypeMapCb<PrismaClientOptions>, DefaultArgs, TypeMap<InternalArgs & DefaultArgs, {}>>' is not assignable to type 'ExtendsHook<"extends", TypeMapCb<undefined>, DefaultArgs, TypeMap<InternalArgs & DefaultArgs, undefined>>'.
      Types of parameters 'extension' and 'extension' are incompatible.
        Type '((client: DynamicClientExtensionThis<TypeMap<InternalArgs & DefaultArgs, undefined>, TypeMapCb<undefined>, DefaultArgs>) => { ...; }) | { ...; }' is not assignable to type '((client: DynamicClientExtensionThis<TypeMap<InternalArgs & DefaultArgs, {}>, TypeMapCb<PrismaClientOptions>, DefaultArgs>) => { ...; }) | { ...; }'.
          Type '(client: DynamicClientExtensionThis<TypeMap<InternalArgs & DefaultArgs, undefined>, TypeMapCb<undefined>, DefaultArgs>) => { ...; }' is not assignable to type '((client: DynamicClientExtensionThis<TypeMap<InternalArgs & DefaultArgs, {}>, TypeMapCb<PrismaClientOptions>, DefaultArgs>) => { ...; }) | { ...; }'.
            Type '(client: DynamicClientExtensionThis<TypeMap<InternalArgs & DefaultArgs, undefined>, TypeMapCb<undefined>, DefaultArgs>) => { ...; }' is not assignable to type '(client: DynamicClientExtensionThis<TypeMap<InternalArgs & DefaultArgs, {}>, TypeMapCb<PrismaClientOptions>, DefaultArgs>) => { ...; }'.
              Types of parameters 'client' and 'client' are incompatible.
                Type 'DynamicClientExtensionThis<TypeMap<InternalArgs & DefaultArgs, {}>, TypeMapCb<PrismaClientOptions>, DefaultArgs>' is not assignable to type 'DynamicClientExtensionThis<TypeMap<InternalArgs & DefaultArgs, undefined>, TypeMapCb<undefined>, DefaultArgs>'.
                  Type 'DynamicClientExtensionThis<TypeMap<InternalArgs & DefaultArgs, {}>, TypeMapCb<PrismaClientOptions>, DefaultArgs>' is not assignable to type '{ repoScan: DynamicModelExtensionThis<TypeMap<InternalArgs & DefaultArgs, undefined>, "RepoScan", DefaultArgs>; ... 6 more ...; rateLimitCounter: DynamicModelExtensionThis<...>; }'.
                    Types of property 'repoScan' are incompatible.
                      Type 'DynamicModelExtensionThis<TypeMap<InternalArgs & DefaultArgs, {}>, "RepoScan", DefaultArgs>' is not assignable to type 'DynamicModelExtensionThis<TypeMap<InternalArgs & DefaultArgs, undefined>, "RepoScan", DefaultArgs>'.
                        Type 'DynamicModelExtensionThis<TypeMap<InternalArgs & DefaultArgs, {}>, "RepoScan", DefaultArgs>' is not assignable to type '{ findMany: <A extends RepoScanFindManyArgs<InternalArgs & DefaultArgs>>(args?: Exact<A, RepoScanFindManyArgs<InternalArgs & DefaultArgs>> | undefined) => PrismaPromise<...>; ... 15 more ...; count: <A extends RepoScanCountArgs<...>>(args?: Exact<...> | undefined) => PrismaPromise<...>; }'.
                          The types of 'findMany(...).then' are incompatible between these types.
                            Type '<TResult1 = { score: number; repoPath: string; productionReady: boolean | null; timestamp: Date; projectId: string | null; id: string; categoryScoresJson: string; resultsJson: string; readinessReasonsJson: string | null; }[], TResult2 = never>(onfulfilled?: ((value: { ...; }[]) => TResult1 | PromiseLike<...>) | ... ...' is not assignable to type '<TResult1 = GetFindResult<$RepoScanPayload<InternalArgs & DefaultArgs>, A, { omit: undefined; }>[], TResult2 = never>(onfulfilled?: ((value: GetFindResult<$RepoScanPayload<InternalArgs & DefaultArgs>, A, { ...; }>[]) => TResult1 | PromiseLike<...>) | null | undefined, onrejected?: ((reason: any) => TResult2 | Promis...'.
                              Types of parameters 'onfulfilled' and 'onfulfilled' are incompatible.
                                Types of parameters 'value' and 'value' are incompatible.
                                  Type '{ score: number; repoPath: string; productionReady: boolean | null; timestamp: Date; projectId: string | null; id: string; categoryScoresJson: string; resultsJson: string; readinessReasonsJson: string | null; }[]' is not assignable to type 'GetFindResult<$RepoScanPayload<InternalArgs & DefaultArgs>, A, { omit: undefined; }>[]'.
                                    Type '{ score: number; repoPath: string; productionReady: boolean | null; timestamp: Date; projectId: string | null; id: string; categoryScoresJson: string; resultsJson: string; readinessReasonsJson: string | null; }' is not assignable to type 'GetFindResult<$RepoScanPayload<InternalArgs & DefaultArgs>, A, { omit: undefined; }>'.
src/scanner/example.ts(111,47): error TS2345: Argument of type 'PrismaClient<PrismaClientOptions, never, DefaultArgs>' is not assignable to parameter of type 'PrismaClient'.
  The types of '$on(...).$extends' are incompatible between these types.
    Type 'ExtendsHook<"extends", TypeMapCb<PrismaClientOptions>, DefaultArgs, TypeMap<InternalArgs & DefaultArgs, {}>>' is not assignable to type 'ExtendsHook<"extends", TypeMapCb<undefined>, DefaultArgs, TypeMap<InternalArgs & DefaultArgs, undefined>>'.
      Types of parameters 'extension' and 'extension' are incompatible.
        Type '((client: DynamicClientExtensionThis<TypeMap<InternalArgs & DefaultArgs, undefined>, TypeMapCb<undefined>, DefaultArgs>) => { ...; }) | { ...; }' is not assignable to type '((client: DynamicClientExtensionThis<TypeMap<InternalArgs & DefaultArgs, {}>, TypeMapCb<PrismaClientOptions>, DefaultArgs>) => { ...; }) | { ...; }'.
          Type '(client: DynamicClientExtensionThis<TypeMap<InternalArgs & DefaultArgs, undefined>, TypeMapCb<undefined>, DefaultArgs>) => { ...; }' is not assignable to type '((client: DynamicClientExtensionThis<TypeMap<InternalArgs & DefaultArgs, {}>, TypeMapCb<PrismaClientOptions>, DefaultArgs>) => { ...; }) | { ...; }'.
            Type '(client: DynamicClientExtensionThis<TypeMap<InternalArgs & DefaultArgs, undefined>, TypeMapCb<undefined>, DefaultArgs>) => { ...; }' is not assignable to type '(client: DynamicClientExtensionThis<TypeMap<InternalArgs & DefaultArgs, {}>, TypeMapCb<PrismaClientOptions>, DefaultArgs>) => { ...; }'.
              Types of parameters 'client' and 'client' are incompatible.
                Type 'DynamicClientExtensionThis<TypeMap<InternalArgs & DefaultArgs, {}>, TypeMapCb<PrismaClientOptions>, DefaultArgs>' is not assignable to type 'DynamicClientExtensionThis<TypeMap<InternalArgs & DefaultArgs, undefined>, TypeMapCb<undefined>, DefaultArgs>'.
                  Type 'DynamicClientExtensionThis<TypeMap<InternalArgs & DefaultArgs, {}>, TypeMapCb<PrismaClientOptions>, DefaultArgs>' is not assignable to type '{ repoScan: DynamicModelExtensionThis<TypeMap<InternalArgs & DefaultArgs, undefined>, "RepoScan", DefaultArgs>; ... 6 more ...; rateLimitCounter: DynamicModelExtensionThis<...>; }'.
                    Types of property 'repoScan' are incompatible.
                      Type 'DynamicModelExtensionThis<TypeMap<InternalArgs & DefaultArgs, {}>, "RepoScan", DefaultArgs>' is not assignable to type 'DynamicModelExtensionThis<TypeMap<InternalArgs & DefaultArgs, undefined>, "RepoScan", DefaultArgs>'.
                        Type 'DynamicModelExtensionThis<TypeMap<InternalArgs & DefaultArgs, {}>, "RepoScan", DefaultArgs>' is not assignable to type '{ findMany: <A extends RepoScanFindManyArgs<InternalArgs & DefaultArgs>>(args?: Exact<A, RepoScanFindManyArgs<InternalArgs & DefaultArgs>> | undefined) => PrismaPromise<...>; ... 15 more ...; count: <A extends RepoScanCountArgs<...>>(args?: Exact<...> | undefined) => PrismaPromise<...>; }'.
                          The types of 'findMany(...).then' are incompatible between these types.
                            Type '<TResult1 = { score: number; repoPath: string; productionReady: boolean | null; timestamp: Date; projectId: string | null; id: string; categoryScoresJson: string; resultsJson: string; readinessReasonsJson: string | null; }[], TResult2 = never>(onfulfilled?: ((value: { ...; }[]) => TResult1 | PromiseLike<...>) | ... ...' is not assignable to type '<TResult1 = GetFindResult<$RepoScanPayload<InternalArgs & DefaultArgs>, A, { omit: undefined; }>[], TResult2 = never>(onfulfilled?: ((value: GetFindResult<$RepoScanPayload<InternalArgs & DefaultArgs>, A, { ...; }>[]) => TResult1 | PromiseLike<...>) | null | undefined, onrejected?: ((reason: any) => TResult2 | Promis...'.
                              Types of parameters 'onfulfilled' and 'onfulfilled' are incompatible.
                                Types of parameters 'value' and 'value' are incompatible.
                                  Type '{ score: number; repoPath: string; productionReady: boolean | null; timestamp: Date; projectId: string | null; id: string; categoryScoresJson: string; resultsJson: string; readinessReasonsJson: string | null; }[]' is not assignable to type 'GetFindResult<$RepoScanPayload<InternalArgs & DefaultArgs>, A, { omit: undefined; }>[]'.
                                    Type '{ score: number; repoPath: string; productionReady: boolean | null; timestamp: Date; projectId: string | null; id: string; categoryScoresJson: string; resultsJson: string; readinessReasonsJson: string | null; }' is not assignable to type 'GetFindResult<$RepoScanPayload<InternalArgs & DefaultArgs>, A, { omit: undefined; }>'.
src/scanner/example.ts(150,47): error TS2345: Argument of type 'PrismaClient<PrismaClientOptions, never, DefaultArgs>' is not assignable to parameter of type 'PrismaClient'.
  The types of '$on(...).$extends' are incompatible between these types.
    Type 'ExtendsHook<"extends", TypeMapCb<PrismaClientOptions>, DefaultArgs, TypeMap<InternalArgs & DefaultArgs, {}>>' is not assignable to type 'ExtendsHook<"extends", TypeMapCb<undefined>, DefaultArgs, TypeMap<InternalArgs & DefaultArgs, undefined>>'.
      Types of parameters 'extension' and 'extension' are incompatible.
        Type '((client: DynamicClientExtensionThis<TypeMap<InternalArgs & DefaultArgs, undefined>, TypeMapCb<undefined>, DefaultArgs>) => { ...; }) | { ...; }' is not assignable to type '((client: DynamicClientExtensionThis<TypeMap<InternalArgs & DefaultArgs, {}>, TypeMapCb<PrismaClientOptions>, DefaultArgs>) => { ...; }) | { ...; }'.
          Type '(client: DynamicClientExtensionThis<TypeMap<InternalArgs & DefaultArgs, undefined>, TypeMapCb<undefined>, DefaultArgs>) => { ...; }' is not assignable to type '((client: DynamicClientExtensionThis<TypeMap<InternalArgs & DefaultArgs, {}>, TypeMapCb<PrismaClientOptions>, DefaultArgs>) => { ...; }) | { ...; }'.
            Type '(client: DynamicClientExtensionThis<TypeMap<InternalArgs & DefaultArgs, undefined>, TypeMapCb<undefined>, DefaultArgs>) => { ...; }' is not assignable to type '(client: DynamicClientExtensionThis<TypeMap<InternalArgs & DefaultArgs, {}>, TypeMapCb<PrismaClientOptions>, DefaultArgs>) => { ...; }'.
              Types of parameters 'client' and 'client' are incompatible.
                Type 'DynamicClientExtensionThis<TypeMap<InternalArgs & DefaultArgs, {}>, TypeMapCb<PrismaClientOptions>, DefaultArgs>' is not assignable to type 'DynamicClientExtensionThis<TypeMap<InternalArgs & DefaultArgs, undefined>, TypeMapCb<undefined>, DefaultArgs>'.
                  Type 'DynamicClientExtensionThis<TypeMap<InternalArgs & DefaultArgs, {}>, TypeMapCb<PrismaClientOptions>, DefaultArgs>' is not assignable to type '{ repoScan: DynamicModelExtensionThis<TypeMap<InternalArgs & DefaultArgs, undefined>, "RepoScan", DefaultArgs>; ... 6 more ...; rateLimitCounter: DynamicModelExtensionThis<...>; }'.
                    Types of property 'repoScan' are incompatible.
                      Type 'DynamicModelExtensionThis<TypeMap<InternalArgs & DefaultArgs, {}>, "RepoScan", DefaultArgs>' is not assignable to type 'DynamicModelExtensionThis<TypeMap<InternalArgs & DefaultArgs, undefined>, "RepoScan", DefaultArgs>'.
                        Type 'DynamicModelExtensionThis<TypeMap<InternalArgs & DefaultArgs, {}>, "RepoScan", DefaultArgs>' is not assignable to type '{ findMany: <A extends RepoScanFindManyArgs<InternalArgs & DefaultArgs>>(args?: Exact<A, RepoScanFindManyArgs<InternalArgs & DefaultArgs>> | undefined) => PrismaPromise<...>; ... 15 more ...; count: <A extends RepoScanCountArgs<...>>(args?: Exact<...> | undefined) => PrismaPromise<...>; }'.
                          The types of 'findMany(...).then' are incompatible between these types.
                            Type '<TResult1 = { score: number; repoPath: string; productionReady: boolean | null; timestamp: Date; projectId: string | null; id: string; categoryScoresJson: string; resultsJson: string; readinessReasonsJson: string | null; }[], TResult2 = never>(onfulfilled?: ((value: { ...; }[]) => TResult1 | PromiseLike<...>) | ... ...' is not assignable to type '<TResult1 = GetFindResult<$RepoScanPayload<InternalArgs & DefaultArgs>, A, { omit: undefined; }>[], TResult2 = never>(onfulfilled?: ((value: GetFindResult<$RepoScanPayload<InternalArgs & DefaultArgs>, A, { ...; }>[]) => TResult1 | PromiseLike<...>) | null | undefined, onrejected?: ((reason: any) => TResult2 | Promis...'.
                              Types of parameters 'onfulfilled' and 'onfulfilled' are incompatible.
                                Types of parameters 'value' and 'value' are incompatible.
                                  Type '{ score: number; repoPath: string; productionReady: boolean | null; timestamp: Date; projectId: string | null; id: string; categoryScoresJson: string; resultsJson: string; readinessReasonsJson: string | null; }[]' is not assignable to type 'GetFindResult<$RepoScanPayload<InternalArgs & DefaultArgs>, A, { omit: undefined; }>[]'.
                                    Type '{ score: number; repoPath: string; productionReady: boolean | null; timestamp: Date; projectId: string | null; id: string; categoryScoresJson: string; resultsJson: string; readinessReasonsJson: string | null; }' is not assignable to type 'GetFindResult<$RepoScanPayload<InternalArgs & DefaultArgs>, A, { omit: undefined; }>'.
src/scanner/example.ts(214,47): error TS2345: Argument of type 'PrismaClient<PrismaClientOptions, never, DefaultArgs>' is not assignable to parameter of type 'PrismaClient'.
  The types of '$on(...).$extends' are incompatible between these types.
    Type 'ExtendsHook<"extends", TypeMapCb<PrismaClientOptions>, DefaultArgs, TypeMap<InternalArgs & DefaultArgs, {}>>' is not assignable to type 'ExtendsHook<"extends", TypeMapCb<undefined>, DefaultArgs, TypeMap<InternalArgs & DefaultArgs, undefined>>'.
      Types of parameters 'extension' and 'extension' are incompatible.
        Type '((client: DynamicClientExtensionThis<TypeMap<InternalArgs & DefaultArgs, undefined>, TypeMapCb<undefined>, DefaultArgs>) => { ...; }) | { ...; }' is not assignable to type '((client: DynamicClientExtensionThis<TypeMap<InternalArgs & DefaultArgs, {}>, TypeMapCb<PrismaClientOptions>, DefaultArgs>) => { ...; }) | { ...; }'.
          Type '(client: DynamicClientExtensionThis<TypeMap<InternalArgs & DefaultArgs, undefined>, TypeMapCb<undefined>, DefaultArgs>) => { ...; }' is not assignable to type '((client: DynamicClientExtensionThis<TypeMap<InternalArgs & DefaultArgs, {}>, TypeMapCb<PrismaClientOptions>, DefaultArgs>) => { ...; }) | { ...; }'.
            Type '(client: DynamicClientExtensionThis<TypeMap<InternalArgs & DefaultArgs, undefined>, TypeMapCb<undefined>, DefaultArgs>) => { ...; }' is not assignable to type '(client: DynamicClientExtensionThis<TypeMap<InternalArgs & DefaultArgs, {}>, TypeMapCb<PrismaClientOptions>, DefaultArgs>) => { ...; }'.
              Types of parameters 'client' and 'client' are incompatible.
                Type 'DynamicClientExtensionThis<TypeMap<InternalArgs & DefaultArgs, {}>, TypeMapCb<PrismaClientOptions>, DefaultArgs>' is not assignable to type 'DynamicClientExtensionThis<TypeMap<InternalArgs & DefaultArgs, undefined>, TypeMapCb<undefined>, DefaultArgs>'.
                  Type 'DynamicClientExtensionThis<TypeMap<InternalArgs & DefaultArgs, {}>, TypeMapCb<PrismaClientOptions>, DefaultArgs>' is not assignable to type '{ repoScan: DynamicModelExtensionThis<TypeMap<InternalArgs & DefaultArgs, undefined>, "RepoScan", DefaultArgs>; ... 6 more ...; rateLimitCounter: DynamicModelExtensionThis<...>; }'.
                    Types of property 'repoScan' are incompatible.
                      Type 'DynamicModelExtensionThis<TypeMap<InternalArgs & DefaultArgs, {}>, "RepoScan", DefaultArgs>' is not assignable to type 'DynamicModelExtensionThis<TypeMap<InternalArgs & DefaultArgs, undefined>, "RepoScan", DefaultArgs>'.
                        Type 'DynamicModelExtensionThis<TypeMap<InternalArgs & DefaultArgs, {}>, "RepoScan", DefaultArgs>' is not assignable to type '{ findMany: <A extends RepoScanFindManyArgs<InternalArgs & DefaultArgs>>(args?: Exact<A, RepoScanFindManyArgs<InternalArgs & DefaultArgs>> | undefined) => PrismaPromise<...>; ... 15 more ...; count: <A extends RepoScanCountArgs<...>>(args?: Exact<...> | undefined) => PrismaPromise<...>; }'.
                          The types of 'findMany(...).then' are incompatible between these types.
                            Type '<TResult1 = { score: number; repoPath: string; productionReady: boolean | null; timestamp: Date; projectId: string | null; id: string; categoryScoresJson: string; resultsJson: string; readinessReasonsJson: string | null; }[], TResult2 = never>(onfulfilled?: ((value: { ...; }[]) => TResult1 | PromiseLike<...>) | ... ...' is not assignable to type '<TResult1 = GetFindResult<$RepoScanPayload<InternalArgs & DefaultArgs>, A, { omit: undefined; }>[], TResult2 = never>(onfulfilled?: ((value: GetFindResult<$RepoScanPayload<InternalArgs & DefaultArgs>, A, { ...; }>[]) => TResult1 | PromiseLike<...>) | null | undefined, onrejected?: ((reason: any) => TResult2 | Promis...'.
                              Types of parameters 'onfulfilled' and 'onfulfilled' are incompatible.
                                Types of parameters 'value' and 'value' are incompatible.
                                  Type '{ score: number; repoPath: string; productionReady: boolean | null; timestamp: Date; projectId: string | null; id: string; categoryScoresJson: string; resultsJson: string; readinessReasonsJson: string | null; }[]' is not assignable to type 'GetFindResult<$RepoScanPayload<InternalArgs & DefaultArgs>, A, { omit: undefined; }>[]'.
                                    Type '{ score: number; repoPath: string; productionReady: boolean | null; timestamp: Date; projectId: string | null; id: string; categoryScoresJson: string; resultsJson: string; readinessReasonsJson: string | null; }' is not assignable to type 'GetFindResult<$RepoScanPayload<InternalArgs & DefaultArgs>, A, { omit: undefined; }>'.
src/scanner/example.ts(242,47): error TS2345: Argument of type 'PrismaClient<PrismaClientOptions, never, DefaultArgs>' is not assignable to parameter of type 'PrismaClient'.
  The types of '$on(...).$extends' are incompatible between these types.
    Type 'ExtendsHook<"extends", TypeMapCb<PrismaClientOptions>, DefaultArgs, TypeMap<InternalArgs & DefaultArgs, {}>>' is not assignable to type 'ExtendsHook<"extends", TypeMapCb<undefined>, DefaultArgs, TypeMap<InternalArgs & DefaultArgs, undefined>>'.
      Types of parameters 'extension' and 'extension' are incompatible.
        Type '((client: DynamicClientExtensionThis<TypeMap<InternalArgs & DefaultArgs, undefined>, TypeMapCb<undefined>, DefaultArgs>) => { ...; }) | { ...; }' is not assignable to type '((client: DynamicClientExtensionThis<TypeMap<InternalArgs & DefaultArgs, {}>, TypeMapCb<PrismaClientOptions>, DefaultArgs>) => { ...; }) | { ...; }'.
          Type '(client: DynamicClientExtensionThis<TypeMap<InternalArgs & DefaultArgs, undefined>, TypeMapCb<undefined>, DefaultArgs>) => { ...; }' is not assignable to type '((client: DynamicClientExtensionThis<TypeMap<InternalArgs & DefaultArgs, {}>, TypeMapCb<PrismaClientOptions>, DefaultArgs>) => { ...; }) | { ...; }'.
            Type '(client: DynamicClientExtensionThis<TypeMap<InternalArgs & DefaultArgs, undefined>, TypeMapCb<undefined>, DefaultArgs>) => { ...; }' is not assignable to type '(client: DynamicClientExtensionThis<TypeMap<InternalArgs & DefaultArgs, {}>, TypeMapCb<PrismaClientOptions>, DefaultArgs>) => { ...; }'.
              Types of parameters 'client' and 'client' are incompatible.
                Type 'DynamicClientExtensionThis<TypeMap<InternalArgs & DefaultArgs, {}>, TypeMapCb<PrismaClientOptions>, DefaultArgs>' is not assignable to type 'DynamicClientExtensionThis<TypeMap<InternalArgs & DefaultArgs, undefined>, TypeMapCb<undefined>, DefaultArgs>'.
                  Type 'DynamicClientExtensionThis<TypeMap<InternalArgs & DefaultArgs, {}>, TypeMapCb<PrismaClientOptions>, DefaultArgs>' is not assignable to type '{ repoScan: DynamicModelExtensionThis<TypeMap<InternalArgs & DefaultArgs, undefined>, "RepoScan", DefaultArgs>; ... 6 more ...; rateLimitCounter: DynamicModelExtensionThis<...>; }'.
                    Types of property 'repoScan' are incompatible.
                      Type 'DynamicModelExtensionThis<TypeMap<InternalArgs & DefaultArgs, {}>, "RepoScan", DefaultArgs>' is not assignable to type 'DynamicModelExtensionThis<TypeMap<InternalArgs & DefaultArgs, undefined>, "RepoScan", DefaultArgs>'.
                        Type 'DynamicModelExtensionThis<TypeMap<InternalArgs & DefaultArgs, {}>, "RepoScan", DefaultArgs>' is not assignable to type '{ findMany: <A extends RepoScanFindManyArgs<InternalArgs & DefaultArgs>>(args?: Exact<A, RepoScanFindManyArgs<InternalArgs & DefaultArgs>> | undefined) => PrismaPromise<...>; ... 15 more ...; count: <A extends RepoScanCountArgs<...>>(args?: Exact<...> | undefined) => PrismaPromise<...>; }'.
                          The types of 'findMany(...).then' are incompatible between these types.
                            Type '<TResult1 = { score: number; repoPath: string; productionReady: boolean | null; timestamp: Date; projectId: string | null; id: string; categoryScoresJson: string; resultsJson: string; readinessReasonsJson: string | null; }[], TResult2 = never>(onfulfilled?: ((value: { ...; }[]) => TResult1 | PromiseLike<...>) | ... ...' is not assignable to type '<TResult1 = GetFindResult<$RepoScanPayload<InternalArgs & DefaultArgs>, A, { omit: undefined; }>[], TResult2 = never>(onfulfilled?: ((value: GetFindResult<$RepoScanPayload<InternalArgs & DefaultArgs>, A, { ...; }>[]) => TResult1 | PromiseLike<...>) | null | undefined, onrejected?: ((reason: any) => TResult2 | Promis...'.
                              Types of parameters 'onfulfilled' and 'onfulfilled' are incompatible.
                                Types of parameters 'value' and 'value' are incompatible.
                                  Type '{ score: number; repoPath: string; productionReady: boolean | null; timestamp: Date; projectId: string | null; id: string; categoryScoresJson: string; resultsJson: string; readinessReasonsJson: string | null; }[]' is not assignable to type 'GetFindResult<$RepoScanPayload<InternalArgs & DefaultArgs>, A, { omit: undefined; }>[]'.
                                    Type '{ score: number; repoPath: string; productionReady: boolean | null; timestamp: Date; projectId: string | null; id: string; categoryScoresJson: string; resultsJson: string; readinessReasonsJson: string | null; }' is not assignable to type 'GetFindResult<$RepoScanPayload<InternalArgs & DefaultArgs>, A, { omit: undefined; }>'.
src/server.ts(61,45): error TS2345: Argument of type 'PrismaClient<{ adapter: PrismaBetterSqlite3; }, never, DefaultArgs>' is not assignable to parameter of type 'PrismaClient'.
  The types of '$on(...).$extends' are incompatible between these types.
    Type 'ExtendsHook<"extends", TypeMapCb<PrismaClientOptions>, DefaultArgs, TypeMap<InternalArgs & DefaultArgs, {}>>' is not assignable to type 'ExtendsHook<"extends", TypeMapCb<undefined>, DefaultArgs, TypeMap<InternalArgs & DefaultArgs, undefined>>'.
      Types of parameters 'extension' and 'extension' are incompatible.
        Type '((client: DynamicClientExtensionThis<TypeMap<InternalArgs & DefaultArgs, undefined>, TypeMapCb<undefined>, DefaultArgs>) => { ...; }) | { ...; }' is not assignable to type '((client: DynamicClientExtensionThis<TypeMap<InternalArgs & DefaultArgs, {}>, TypeMapCb<PrismaClientOptions>, DefaultArgs>) => { ...; }) | { ...; }'.
          Type '(client: DynamicClientExtensionThis<TypeMap<InternalArgs & DefaultArgs, undefined>, TypeMapCb<undefined>, DefaultArgs>) => { ...; }' is not assignable to type '((client: DynamicClientExtensionThis<TypeMap<InternalArgs & DefaultArgs, {}>, TypeMapCb<PrismaClientOptions>, DefaultArgs>) => { ...; }) | { ...; }'.
            Type '(client: DynamicClientExtensionThis<TypeMap<InternalArgs & DefaultArgs, undefined>, TypeMapCb<undefined>, DefaultArgs>) => { ...; }' is not assignable to type '(client: DynamicClientExtensionThis<TypeMap<InternalArgs & DefaultArgs, {}>, TypeMapCb<PrismaClientOptions>, DefaultArgs>) => { ...; }'.
              Types of parameters 'client' and 'client' are incompatible.
                Type 'DynamicClientExtensionThis<TypeMap<InternalArgs & DefaultArgs, {}>, TypeMapCb<PrismaClientOptions>, DefaultArgs>' is not assignable to type 'DynamicClientExtensionThis<TypeMap<InternalArgs & DefaultArgs, undefined>, TypeMapCb<undefined>, DefaultArgs>'.
                  Type 'DynamicClientExtensionThis<TypeMap<InternalArgs & DefaultArgs, {}>, TypeMapCb<PrismaClientOptions>, DefaultArgs>' is not assignable to type '{ repoScan: DynamicModelExtensionThis<TypeMap<InternalArgs & DefaultArgs, undefined>, "RepoScan", DefaultArgs>; ... 6 more ...; rateLimitCounter: DynamicModelExtensionThis<...>; }'.
                    Types of property 'repoScan' are incompatible.
                      Type 'DynamicModelExtensionThis<TypeMap<InternalArgs & DefaultArgs, {}>, "RepoScan", DefaultArgs>' is not assignable to type 'DynamicModelExtensionThis<TypeMap<InternalArgs & DefaultArgs, undefined>, "RepoScan", DefaultArgs>'.
                        Type 'DynamicModelExtensionThis<TypeMap<InternalArgs & DefaultArgs, {}>, "RepoScan", DefaultArgs>' is not assignable to type '{ findMany: <A extends RepoScanFindManyArgs<InternalArgs & DefaultArgs>>(args?: Exact<A, RepoScanFindManyArgs<InternalArgs & DefaultArgs>> | undefined) => PrismaPromise<...>; ... 15 more ...; count: <A extends RepoScanCountArgs<...>>(args?: Exact<...> | undefined) => PrismaPromise<...>; }'.
                          The types of 'findMany(...).then' are incompatible between these types.
                            Type '<TResult1 = { score: number; repoPath: string; productionReady: boolean | null; timestamp: Date; projectId: string | null; id: string; categoryScoresJson: string; resultsJson: string; readinessReasonsJson: string | null; }[], TResult2 = never>(onfulfilled?: ((value: { ...; }[]) => TResult1 | PromiseLike<...>) | ... ...' is not assignable to type '<TResult1 = GetFindResult<$RepoScanPayload<InternalArgs & DefaultArgs>, A, { omit: undefined; }>[], TResult2 = never>(onfulfilled?: ((value: GetFindResult<$RepoScanPayload<InternalArgs & DefaultArgs>, A, { ...; }>[]) => TResult1 | PromiseLike<...>) | null | undefined, onrejected?: ((reason: any) => TResult2 | Promis...'.
                              Types of parameters 'onfulfilled' and 'onfulfilled' are incompatible.
                                Types of parameters 'value' and 'value' are incompatible.
                                  Type '{ score: number; repoPath: string; productionReady: boolean | null; timestamp: Date; projectId: string | null; id: string; categoryScoresJson: string; resultsJson: string; readinessReasonsJson: string | null; }[]' is not assignable to type 'GetFindResult<$RepoScanPayload<InternalArgs & DefaultArgs>, A, { omit: undefined; }>[]'.
                                    Type '{ score: number; repoPath: string; productionReady: boolean | null; timestamp: Date; projectId: string | null; id: string; categoryScoresJson: string; resultsJson: string; readinessReasonsJson: string | null; }' is not assignable to type 'GetFindResult<$RepoScanPayload<InternalArgs & DefaultArgs>, A, { omit: undefined; }>'.
src/server.ts(62,45): error TS2345: Argument of type 'PrismaClient<{ adapter: PrismaBetterSqlite3; }, never, DefaultArgs>' is not assignable to parameter of type 'PrismaClient'.
  The types of '$on(...).$extends' are incompatible between these types.
    Type 'ExtendsHook<"extends", TypeMapCb<PrismaClientOptions>, DefaultArgs, TypeMap<InternalArgs & DefaultArgs, {}>>' is not assignable to type 'ExtendsHook<"extends", TypeMapCb<undefined>, DefaultArgs, TypeMap<InternalArgs & DefaultArgs, undefined>>'.
      Types of parameters 'extension' and 'extension' are incompatible.
        Type '((client: DynamicClientExtensionThis<TypeMap<InternalArgs & DefaultArgs, undefined>, TypeMapCb<undefined>, DefaultArgs>) => { ...; }) | { ...; }' is not assignable to type '((client: DynamicClientExtensionThis<TypeMap<InternalArgs & DefaultArgs, {}>, TypeMapCb<PrismaClientOptions>, DefaultArgs>) => { ...; }) | { ...; }'.
          Type '(client: DynamicClientExtensionThis<TypeMap<InternalArgs & DefaultArgs, undefined>, TypeMapCb<undefined>, DefaultArgs>) => { ...; }' is not assignable to type '((client: DynamicClientExtensionThis<TypeMap<InternalArgs & DefaultArgs, {}>, TypeMapCb<PrismaClientOptions>, DefaultArgs>) => { ...; }) | { ...; }'.
            Type '(client: DynamicClientExtensionThis<TypeMap<InternalArgs & DefaultArgs, undefined>, TypeMapCb<undefined>, DefaultArgs>) => { ...; }' is not assignable to type '(client: DynamicClientExtensionThis<TypeMap<InternalArgs & DefaultArgs, {}>, TypeMapCb<PrismaClientOptions>, DefaultArgs>) => { ...; }'.
              Types of parameters 'client' and 'client' are incompatible.
                Type 'DynamicClientExtensionThis<TypeMap<InternalArgs & DefaultArgs, {}>, TypeMapCb<PrismaClientOptions>, DefaultArgs>' is not assignable to type 'DynamicClientExtensionThis<TypeMap<InternalArgs & DefaultArgs, undefined>, TypeMapCb<undefined>, DefaultArgs>'.
                  Type 'DynamicClientExtensionThis<TypeMap<InternalArgs & DefaultArgs, {}>, TypeMapCb<PrismaClientOptions>, DefaultArgs>' is not assignable to type '{ repoScan: DynamicModelExtensionThis<TypeMap<InternalArgs & DefaultArgs, undefined>, "RepoScan", DefaultArgs>; ... 6 more ...; rateLimitCounter: DynamicModelExtensionThis<...>; }'.
                    Types of property 'repoScan' are incompatible.
                      Type 'DynamicModelExtensionThis<TypeMap<InternalArgs & DefaultArgs, {}>, "RepoScan", DefaultArgs>' is not assignable to type 'DynamicModelExtensionThis<TypeMap<InternalArgs & DefaultArgs, undefined>, "RepoScan", DefaultArgs>'.
                        Type 'DynamicModelExtensionThis<TypeMap<InternalArgs & DefaultArgs, {}>, "RepoScan", DefaultArgs>' is not assignable to type '{ findMany: <A extends RepoScanFindManyArgs<InternalArgs & DefaultArgs>>(args?: Exact<A, RepoScanFindManyArgs<InternalArgs & DefaultArgs>> | undefined) => PrismaPromise<...>; ... 15 more ...; count: <A extends RepoScanCountArgs<...>>(args?: Exact<...> | undefined) => PrismaPromise<...>; }'.
                          The types of 'findMany(...).then' are incompatible between these types.
                            Type '<TResult1 = { score: number; repoPath: string; productionReady: boolean | null; timestamp: Date; projectId: string | null; id: string; categoryScoresJson: string; resultsJson: string; readinessReasonsJson: string | null; }[], TResult2 = never>(onfulfilled?: ((value: { ...; }[]) => TResult1 | PromiseLike<...>) | ... ...' is not assignable to type '<TResult1 = GetFindResult<$RepoScanPayload<InternalArgs & DefaultArgs>, A, { omit: undefined; }>[], TResult2 = never>(onfulfilled?: ((value: GetFindResult<$RepoScanPayload<InternalArgs & DefaultArgs>, A, { ...; }>[]) => TResult1 | PromiseLike<...>) | null | undefined, onrejected?: ((reason: any) => TResult2 | Promis...'.
                              Types of parameters 'onfulfilled' and 'onfulfilled' are incompatible.
                                Types of parameters 'value' and 'value' are incompatible.
                                  Type '{ score: number; repoPath: string; productionReady: boolean | null; timestamp: Date; projectId: string | null; id: string; categoryScoresJson: string; resultsJson: string; readinessReasonsJson: string | null; }[]' is not assignable to type 'GetFindResult<$RepoScanPayload<InternalArgs & DefaultArgs>, A, { omit: undefined; }>[]'.
                                    Type '{ score: number; repoPath: string; productionReady: boolean | null; timestamp: Date; projectId: string | null; id: string; categoryScoresJson: string; resultsJson: string; readinessReasonsJson: string | null; }' is not assignable to type 'GetFindResult<$RepoScanPayload<InternalArgs & DefaultArgs>, A, { omit: undefined; }>'.
